
> next@0.1.0 build
> prisma generate && next build

node.exe : Environment variables loaded from .env
At line:1 char:1
+ & "C:\Program Files\nodejs/node.exe" "C:\Program 
Files\nodejs/node_mo ...
+ ~~~~~~~~~~~~~~~~~~~~~~~~~~~~~~~~~~~~~~~~~~~~~~~~~~~
~~~~~~~~~~~~~~~~~~
    + CategoryInfo          : NotSpecified: (Environ 
   ment variables loaded from .env:String) [], Remo  
  teException
    + FullyQualifiedErrorId : NativeCommandError
 
Prisma schema loaded from prisma\schema.prisma

Ô£ö Generated Prisma Client (v6.19.2) to .\node_modules\@prisma\client in 110ms

Start by importing your Prisma Client (See: https://pris.ly/d/importing-client)

Tip: Want to turn off tips and other hints? https://pris.ly/tip-4-nohints

Ôû▓ Next.js 16.1.6 (Turbopack)
- Environments: .env.production, .env

ÔÜá The "middleware" file convention is deprecated. 
Please use "proxy" instead. Learn more: 
https://nextjs.org/docs/messages/middleware-to-proxy
  Creating an optimized production build ...
Ô£ô Compiled successfully in 12.9s
  Running TypeScript ...
Failed to compile.

.next/dev/types/validator.ts:135:31
Type error: Type 'typeof import("D:/grana/next/src/ap
p/admin/productos/page")' does not satisfy the 
constraint 'AppPageConfig<"/admin/productos">'.
  Property 'default' is missing in type 'typeof impor
t("D:/grana/next/src/app/admin/productos/page")' but 
required in type 'AppPageConfig<"/admin/productos">'.

[0m [90m 133 |[39m   type 
__IsExpected[33m<[39m[33mSpecific[39m 
[36mextends[39m [33mAppPageConfig[39m[33m<[39m
[32m"/admin/productos"[39m[33m>>[39m [33m=[39m 
[33mSpecific[39m
 [90m 134 |[39m   [36mconst[39m handler 
[33m=[39m {} [36mas[39m [36mtypeof[39m [36mimp
ort[39m([32m"../../../src/app/admin/productos/page.
js"[39m)
[31m[1m>[22m[39m[90m 135 |[39m   type __Check 
[33m=[39m __IsExpected[33m<[39m[36mtypeof[39m 
handler[33m>[39m
 [90m     |[39m                               
[31m[1m^[22m[39m
 [90m 136 |[39m   [90m// @ts-ignore[39m
 [90m 137 |[39m   type __Unused [33m=[39m __Check
 [90m 138 |[39m }[0m
Next.js build worker exited with code: 1 and signal: 
null
